[2026-03-17 14:47:14] [[32mINFO[0m] [ims] [info:106] Starting database seeding...
[2026-03-17 14:47:14] [[32mINFO[0m] [ims] [info:106] Database tables created
[2026-03-17 14:47:14] [[32mINFO[0m] [ims] [info:106] Creating roles...
[2026-03-17 14:47:14] [[32mINFO[0m] [ims] [info:106] Created role: admin
[2026-03-17 14:47:14] [[32mINFO[0m] [ims] [info:106] Created role: teacher
[2026-03-17 14:47:14] [[32mINFO[0m] [ims] [info:106] Created role: parent
[2026-03-17 14:47:14] [[32mINFO[0m] [ims] [info:106] Created role: student
[2026-03-17 14:47:14] [[32mINFO[0m] [ims] [info:106] Created role: transport
[2026-03-17 14:47:14] [[32mINFO[0m] [ims] [info:106] Created role: driver
[2026-03-17 14:47:14] [[32mINFO[0m] [ims] [info:106] Creating demo users...
[2026-03-17 14:47:14] [[32mINFO[0m] [ims] [info:106] Created user: admin@myuser.com with roles: admin
[2026-03-17 14:47:15] [[32mINFO[0m] [ims] [info:106] Created user: teacher@myuser.com with roles: teacher
[2026-03-17 14:47:15] [[32mINFO[0m] [ims] [info:106] Created user: parent@myuser.com with roles: parent
[2026-03-17 14:47:15] [[32mINFO[0m] [ims] [info:106] Created user: student@myuser.com with roles: student
[2026-03-17 14:47:16] [[32mINFO[0m] [ims] [info:106] Created user: transport@myuser.com with roles: transport
[2026-03-17 14:47:16] [[32mINFO[0m] [ims] [info:106] Created user: driver@myuser.com with roles: driver
[2026-03-17 14:47:16] [[32mINFO[0m] [ims] [info:106] Created user: john@myuser.com with roles: parent, teacher
[2026-03-17 14:47:16] [[32mINFO[0m] [ims] [info:106] Created user: maria@myuser.com with roles: parent, teacher
[2026-03-17 14:47:16] [[32mINFO[0m] [ims] [info:106] Database seeding completed successfully!
[2026-03-17 14:48:01] [[32mINFO[0m] [ims] [info:106] Starting database seeding...
[2026-03-17 14:48:01] [[32mINFO[0m] [ims] [info:106] Database tables created
[2026-03-17 14:48:01] [[32mINFO[0m] [ims] [info:106] Creating roles...
[2026-03-17 14:48:01] [[32mINFO[0m] [ims] [info:106] Role already exists: admin
[2026-03-17 14:48:01] [[32mINFO[0m] [ims] [info:106] Role already exists: teacher
[2026-03-17 14:48:01] [[32mINFO[0m] [ims] [info:106] Role already exists: parent
[2026-03-17 14:48:01] [[32mINFO[0m] [ims] [info:106] Role already exists: student
[2026-03-17 14:48:01] [[32mINFO[0m] [ims] [info:106] Role already exists: transport
[2026-03-17 14:48:01] [[32mINFO[0m] [ims] [info:106] Role already exists: driver
[2026-03-17 14:48:01] [[32mINFO[0m] [ims] [info:106] Creating demo users...
[2026-03-17 14:48:01] [[32mINFO[0m] [ims] [info:106] User already exists: admin@myuser.com
[2026-03-17 14:48:01] [[32mINFO[0m] [ims] [info:106] User already exists: teacher@myuser.com
[2026-03-17 14:48:01] [[32mINFO[0m] [ims] [info:106] User already exists: parent@myuser.com
[2026-03-17 14:48:01] [[32mINFO[0m] [ims] [info:106] User already exists: student@myuser.com
[2026-03-17 14:48:01] [[32mINFO[0m] [ims] [info:106] User already exists: transport@myuser.com
[2026-03-17 14:48:01] [[32mINFO[0m] [ims] [info:106] User already exists: driver@myuser.com
[2026-03-17 14:48:01] [[32mINFO[0m] [ims] [info:106] User already exists: john@myuser.com
[2026-03-17 14:48:01] [[32mINFO[0m] [ims] [info:106] User already exists: maria@myuser.com
[2026-03-17 14:48:01] [[32mINFO[0m] [ims] [info:106] Database seeding completed successfully!
[2026-03-19 23:37:47] [[32mINFO[0m] [ims] [info:106] Starting IMS Backend...
[2026-03-19 23:37:47] [[32mINFO[0m] [ims] [info:106] Environment: Development
[2026-03-19 23:37:48] [[32mINFO[0m] [ims] [info:106] Database initialized successfully
[2026-03-19 23:50:38] [[32mINFO[0m] [ims] [info:106] GET /api/v1/auth/demo-credentials
[2026-03-19 23:50:38] [[32mINFO[0m] [ims] [info:106] GET /api/v1/auth/demo-credentials - 200
[2026-03-19 23:52:08] [[32mINFO[0m] [ims] [info:106] POST /api/v1/auth/login
[2026-03-19 23:52:08] [[32mINFO[0m] [ims] [info:106] Login request received for email: admin@myuser.com
[2026-03-19 23:52:08] [[32mINFO[0m] [ims] [info:106] Login attempt for email: admin@myuser.com
[2026-03-19 23:52:09] [[32mINFO[0m] [ims] [info:106] Login successful: admin@myuser.com (roles: admin)
[2026-03-19 23:52:09] [[32mINFO[0m] [ims] [info:106] Login successful for user: admin@myuser.com
[2026-03-19 23:52:09] [[32mINFO[0m] [ims] [info:106] POST /api/v1/auth/login - 200
[2026-03-19 23:52:09] [[32mINFO[0m] [ims] [info:106] GET /api/v1/dashboard/stats
[2026-03-19 23:52:09] [[32mINFO[0m] [ims] [info:106] GET /api/v1/dashboard/stats - 200
[2026-03-19 23:52:20] [[32mINFO[0m] [ims] [info:106] POST /api/v1/auth/login
[2026-03-19 23:52:20] [[32mINFO[0m] [ims] [info:106] Login request received for email: driver@myuser.com
[2026-03-19 23:52:20] [[32mINFO[0m] [ims] [info:106] Login attempt for email: driver@myuser.com
[2026-03-19 23:52:21] [[32mINFO[0m] [ims] [info:106] Login successful: driver@myuser.com (roles: driver)
[2026-03-19 23:52:21] [[32mINFO[0m] [ims] [info:106] Login successful for user: driver@myuser.com
[2026-03-19 23:52:21] [[32mINFO[0m] [ims] [info:106] POST /api/v1/auth/login - 200
[2026-03-19 23:52:24] [[32mINFO[0m] [ims] [info:106] POST /api/v1/auth/login
[2026-03-19 23:52:24] [[32mINFO[0m] [ims] [info:106] Login request received for email: student@myuser.com
[2026-03-19 23:52:24] [[32mINFO[0m] [ims] [info:106] Login attempt for email: student@myuser.com
[2026-03-19 23:52:25] [[32mINFO[0m] [ims] [info:106] Login successful: student@myuser.com (roles: student)
[2026-03-19 23:52:25] [[32mINFO[0m] [ims] [info:106] Login successful for user: student@myuser.com
[2026-03-19 23:52:25] [[32mINFO[0m] [ims] [info:106] POST /api/v1/auth/login - 200
[2026-03-19 23:52:25] [[32mINFO[0m] [ims] [info:106] GET /api/v1/dashboard/stats
[2026-03-19 23:52:25] [[32mINFO[0m] [ims] [info:106] GET /api/v1/dashboard/stats - 200
[2026-03-19 23:52:35] [[32mINFO[0m] [ims] [info:106] POST /api/v1/auth/login
[2026-03-19 23:52:35] [[32mINFO[0m] [ims] [info:106] Login request received for email: parent@myuser.com
[2026-03-19 23:52:35] [[32mINFO[0m] [ims] [info:106] Login attempt for email: parent@myuser.com
[2026-03-19 23:52:35] [[32mINFO[0m] [ims] [info:106] Login successful: parent@myuser.com (roles: parent)
[2026-03-19 23:52:35] [[32mINFO[0m] [ims] [info:106] Login successful for user: parent@myuser.com
[2026-03-19 23:52:35] [[32mINFO[0m] [ims] [info:106] POST /api/v1/auth/login - 200
[2026-03-19 23:52:36] [[32mINFO[0m] [ims] [info:106] GET /api/v1/dashboard/stats
[2026-03-19 23:52:36] [[32mINFO[0m] [ims] [info:106] GET /api/v1/dashboard/stats - 200
[2026-03-19 23:52:59] [[32mINFO[0m] [ims] [info:106] POST /api/v1/auth/login
[2026-03-19 23:52:59] [[32mINFO[0m] [ims] [info:106] Login request received for email: john@myuser.com
[2026-03-19 23:52:59] [[32mINFO[0m] [ims] [info:106] Login attempt for email: john@myuser.com
[2026-03-19 23:52:59] [[32mINFO[0m] [ims] [info:106] Login successful: john@myuser.com (roles: teacher, parent)
[2026-03-19 23:52:59] [[32mINFO[0m] [ims] [info:106] Login successful for user: john@myuser.com
[2026-03-19 23:52:59] [[32mINFO[0m] [ims] [info:106] POST /api/v1/auth/login - 200
[2026-03-19 23:53:00] [[32mINFO[0m] [ims] [info:106] GET /api/v1/dashboard/stats
[2026-03-19 23:53:00] [[32mINFO[0m] [ims] [info:106] GET /api/v1/dashboard/stats - 200
